2026-05-22 02:55:11,759 [INFO] ==================================================
2026-05-22 02:55:11,760 [INFO] 마케팅 커뮤니티 → Slack 알림봇 실행
2026-05-22 02:55:11,760 [INFO]   - 오픈애즈 (openads.co.kr)
2026-05-22 02:55:11,760 [INFO]   - 캐릿 (careet.net)
2026-05-22 02:55:11,760 [INFO] ==================================================
2026-05-22 02:55:11,760 [INFO] [오픈애즈] 최신 콘텐츠 페이지 요청 중...
2026-05-22 02:55:13,730 [INFO] [오픈애즈] 총 8개 콘텐츠 발견
2026-05-22 02:55:13,731 [INFO] [오픈애즈] 🆕 신규 콘텐츠 8건 발견! 날짜 확인 중...
2026-05-22 02:55:13,731 [INFO]   [1/8] 상세 정보 수집: 6월 콘텐츠 총 정리 (영화, 드라마, 웹툰, 게임, KPOP)...
2026-05-22 02:55:15,016 [INFO]     ❓ 발행일 확인 불가, 전송: 6월 콘텐츠 총 정리 (영화, 드라마, 웹툰, 게임, KPOP)
2026-05-22 02:55:16,016 [INFO]   [2/8] 상세 정보 수집: 니치마켓 충성도 100%를 이룬 마운틴 듀...
2026-05-22 02:55:17,287 [INFO]     ❓ 발행일 확인 불가, 전송: 니치마켓 충성도 100%를 이룬 마운틴 듀
2026-05-22 02:55:18,288 [INFO]   [3/8] 상세 정보 수집: 왜 올리브영은 1년에 딱 4번만 세일할까?...
2026-05-22 02:55:19,282 [INFO]     ❓ 발행일 확인 불가, 전송: 왜 올리브영은 1년에 딱 4번만 세일할까?
2026-05-22 02:55:20,283 [INFO]   [4/8] 상세 정보 수집: 2026 크리테오 커머스 포럼 다시보기 2: 실무에 바로 적용 가능한 마...
2026-05-22 02:55:21,739 [INFO]     ❓ 발행일 확인 불가, 전송: 2026 크리테오 커머스 포럼 다시보기 2: 실무에 바로 적용 가능한 마
2026-05-22 02:55:22,740 [INFO]   [5/8] 상세 정보 수집: 홈쇼핑 광고 성과 있을까요? 데이터 분석해봤습니다....
2026-05-22 02:55:23,707 [INFO]     ❓ 발행일 확인 불가, 전송: 홈쇼핑 광고 성과 있을까요? 데이터 분석해봤습니다.
2026-05-22 02:55:24,707 [INFO]   [6/8] 상세 정보 수집: 시간이 지나도 빛나는 레전드 카피들! 현업인이 사랑한 카피는?...
2026-05-22 02:55:25,686 [INFO]     ❓ 발행일 확인 불가, 전송: 시간이 지나도 빛나는 레전드 카피들! 현업인이 사랑한 카피는?
2026-05-22 02:55:26,686 [INFO]   [7/8] 상세 정보 수집: 2026 NPR TARGET INFOGRAPHICS 30대  “실속형 스...
2026-05-22 02:55:27,981 [INFO]     ❓ 발행일 확인 불가, 전송: 2026 NPR TARGET INFOGRAPHICS 30대  “실속형 스
2026-05-22 02:55:28,981 [INFO]   [8/8] 상세 정보 수집: G마켓, 광고는 터져도 매출은 그대로인 이유...
2026-05-22 02:55:30,088 [INFO]     ❓ 발행일 확인 불가, 전송: G마켓, 광고는 터져도 매출은 그대로인 이유
2026-05-22 02:55:31,591 [INFO] [오픈애즈] Slack 전송 성공! (청크 1: 8건)
2026-05-22 02:55:32,505 [ERROR] 카카오 토큰 발급 실패: 401 - {"error":"invalid_client","error_description":"Bad client credentials","error_code":"KOE010"}
2026-05-22 02:55:32,506 [INFO] [캐릿] 최신 콘텐츠 페이지 요청 중...
2026-05-22 02:55:33,421 [INFO] [캐릿] 총 20개 콘텐츠 발견
2026-05-22 02:55:33,422 [INFO] [캐릿] 🆕 신규 콘텐츠 20건 발견! 날짜 확인 중...
2026-05-22 02:55:33,422 [INFO]   [1/20] 상세 정보 수집: 리셀가 5배 상승! 2030 남성 소비자 잠실에 모인 이유는? 이주의 유...
2026-05-22 02:55:34,310 [INFO]     ❓ 발행일 확인 불가, 전송: 리셀가 5배 상승! 2030 남성 소비자 잠실에 모인 이유는? 이주의 유
2026-05-22 02:55:35,311 [INFO]   [2/20] 상세 정보 수집: 트렌드에도 매수·매도 타이밍이 있다? 분야별 ‘트렌드 지속 기간’ 알려드...
2026-05-22 02:55:37,230 [INFO]     ❓ 발행일 확인 불가, 전송: 트렌드에도 매수·매도 타이밍이 있다? 분야별 ‘트렌드 지속 기간’ 알려드
2026-05-22 02:55:38,230 [INFO]   [3/20] 상세 정보 수집: 아이디어가 고갈 됐을 때 꺼내보세요! 빈틈을 파고드는 카피 레퍼런스 28...
2026-05-22 02:55:39,450 [INFO]     ❓ 발행일 확인 불가, 전송: 아이디어가 고갈 됐을 때 꺼내보세요! 빈틈을 파고드는 카피 레퍼런스 28
2026-05-22 02:55:40,450 [INFO]   [4/20] 상세 정보 수집: 바이브 코딩 언제까지 미루실 건가요? 힙한 사이트 5분 만에 만드는 법 ...
2026-05-22 02:55:41,379 [INFO]     ❓ 발행일 확인 불가, 전송: 바이브 코딩 언제까지 미루실 건가요? 힙한 사이트 5분 만에 만드는 법 
2026-05-22 02:55:42,380 [INFO]   [5/20] 상세 정보 수집: 어버이날 마케팅부터 장카설유 광고 비하인드까지! 이주의 일 잘한 브랜드 ...
2026-05-22 02:55:43,257 [INFO]     ❓ 발행일 확인 불가, 전송: 어버이날 마케팅부터 장카설유 광고 비하인드까지! 이주의 일 잘한 브랜드 
2026-05-22 02:55:44,257 [INFO]   [6/20] 상세 정보 수집: 위고비 대신 천연 위고비? 글로벌 Z세대 저격한 화제의 유행템 4유행중2...
2026-05-22 02:55:45,104 [INFO]     ❓ 발행일 확인 불가, 전송: 위고비 대신 천연 위고비? 글로벌 Z세대 저격한 화제의 유행템 4유행중2
2026-05-22 02:55:46,104 [INFO]   [7/20] 상세 정보 수집: 92년 된 올드 브랜드가 감다살 소리 듣는 이유 ‘학화’ 담당자에게 트렌...
2026-05-22 02:55:47,103 [INFO]     ❓ 발행일 확인 불가, 전송: 92년 된 올드 브랜드가 감다살 소리 듣는 이유 ‘학화’ 담당자에게 트렌
2026-05-22 02:55:48,104 [INFO]   [8/20] 상세 정보 수집: 하이디라오부터 지역 축제까지! 핫한 오프라인 현장에서 발견한 흥행 공식2...
2026-05-22 02:55:48,986 [INFO]     ❓ 발행일 확인 불가, 전송: 하이디라오부터 지역 축제까지! 핫한 오프라인 현장에서 발견한 흥행 공식2
2026-05-22 02:55:49,986 [INFO]   [9/20] 상세 정보 수집: 도대체 어디서 시작된 거야? 요즘 SNS에서 뜨는 밈 모음유행중2026....
2026-05-22 02:55:50,847 [INFO]     ❓ 발행일 확인 불가, 전송: 도대체 어디서 시작된 거야? 요즘 SNS에서 뜨는 밈 모음유행중2026.
2026-05-22 02:55:51,847 [INFO]   [10/20] 상세 정보 수집: 신메뉴 홍보를 관악산 정상에서 했다고? 조회수 600만! 반응 터진 마케...
2026-05-22 02:55:52,748 [INFO]     ❓ 발행일 확인 불가, 전송: 신메뉴 홍보를 관악산 정상에서 했다고? 조회수 600만! 반응 터진 마케
2026-05-22 02:55:53,748 [INFO]   [11/20] 상세 정보 수집: Z세대가 밤새워서 본다는 ‘과일 막장 드라마’ 왜 뜨는 거야? 이주의 유...
2026-05-22 02:55:54,607 [INFO]     ❓ 발행일 확인 불가, 전송: Z세대가 밤새워서 본다는 ‘과일 막장 드라마’ 왜 뜨는 거야? 이주의 유
2026-05-22 02:55:55,608 [INFO]   [12/20] 상세 정보 수집: 연평균 300만 원 쓰는 1500만 명 반려인 마케팅 아직도 놓치고 계세...
2026-05-22 02:55:56,703 [INFO]     ❓ 발행일 확인 불가, 전송: 연평균 300만 원 쓰는 1500만 명 반려인 마케팅 아직도 놓치고 계세
2026-05-22 02:55:57,703 [INFO]   [13/20] 상세 정보 수집: “브랜드 매장에 이런 거 있었으면 좋겠다” 팝업·오프라인 마케팅 레퍼런스...
2026-05-22 02:55:58,637 [INFO]     ❓ 발행일 확인 불가, 전송: “브랜드 매장에 이런 거 있었으면 좋겠다” 팝업·오프라인 마케팅 레퍼런스
2026-05-22 02:55:59,637 [INFO]   [14/20] 상세 정보 수집: ‘좋아요’ 36만 개! 도달률 높은 SNS 마케팅 특징 이주의 일 잘한 ...
2026-05-22 02:56:00,552 [INFO]     ❓ 발행일 확인 불가, 전송: ‘좋아요’ 36만 개! 도달률 높은 SNS 마케팅 특징 이주의 일 잘한 
2026-05-22 02:56:01,552 [INFO]   [15/20] 상세 정보 수집: 페스티벌, 콜라보, 오프라인 이벤트! 국경 없이 통하는 마케팅 레퍼런스2...
2026-05-22 02:56:02,643 [INFO]     ❓ 발행일 확인 불가, 전송: 페스티벌, 콜라보, 오프라인 이벤트! 국경 없이 통하는 마케팅 레퍼런스2
2026-05-22 02:56:03,643 [INFO]   [16/20] 상세 정보 수집: 한국, 튀르키예, 인도네시아까지? 전 세계인 대통합시킨 글로벌 밈 모음2...
2026-05-22 02:56:04,501 [INFO]     ❓ 발행일 확인 불가, 전송: 한국, 튀르키예, 인도네시아까지? 전 세계인 대통합시킨 글로벌 밈 모음2
2026-05-22 02:56:05,501 [INFO]   [17/20] 상세 정보 수집: 00년생 이하는 한번쯤 겪어봤다는 ‘청춘통’ 대체 뭐길래?2026.04....
2026-05-22 02:56:06,429 [INFO]     ❓ 발행일 확인 불가, 전송: 00년생 이하는 한번쯤 겪어봤다는 ‘청춘통’ 대체 뭐길래?2026.04.
2026-05-22 02:56:07,429 [INFO]   [18/20] 상세 정보 수집: 댓글 약 3천 개가 달린 화제의 이벤트는? 이주의 일 잘한 브랜드 420...
2026-05-22 02:56:08,309 [INFO]     ❓ 발행일 확인 불가, 전송: 댓글 약 3천 개가 달린 화제의 이벤트는? 이주의 일 잘한 브랜드 420
2026-05-22 02:56:09,309 [INFO]   [19/20] 상세 정보 수집: 해외판 감튀 모임 등장? 9백만 뷰 찍은 오프라인 트렌드부터 유행 예감 ...
2026-05-22 02:56:10,174 [INFO]     ❓ 발행일 확인 불가, 전송: 해외판 감튀 모임 등장? 9백만 뷰 찍은 오프라인 트렌드부터 유행 예감 
2026-05-22 02:56:11,175 [INFO]   [20/20] 상세 정보 수집: 불황 속 새로운 돌파구를 찾고 싶다면? 세상에 없던 소비 트렌드 ‘페이크...
2026-05-22 02:56:12,252 [INFO]     ❓ 발행일 확인 불가, 전송: 불황 속 새로운 돌파구를 찾고 싶다면? 세상에 없던 소비 트렌드 ‘페이크
2026-05-22 02:56:13,556 [INFO] [캐릿] Slack 전송 성공! (청크 1: 20건)
2026-05-22 02:56:14,332 [ERROR] 카카오 토큰 발급 실패: 401 - {"error":"invalid_client","error_description":"Bad client credentials","error_code":"KOE010"}
2026-05-22 02:56:14,334 [INFO] seen_contents.json 업데이트 완료 (총 28개 기록)
2026-05-22 02:56:14,334 [INFO] 실행 완료!
2026-05-22 03:11:26,351 [INFO] ==================================================
2026-05-22 03:11:26,351 [INFO] 마케팅 커뮤니티 → Slack 알림봇 실행
2026-05-22 03:11:26,351 [INFO]   - 오픈애즈 (openads.co.kr)
2026-05-22 03:11:26,351 [INFO]   - 캐릿 (careet.net)
2026-05-22 03:11:26,351 [INFO] ==================================================
2026-05-22 03:11:26,351 [INFO] [오픈애즈] 최신 콘텐츠 페이지 요청 중...
2026-05-22 03:11:28,216 [INFO] [오픈애즈] 총 8개 콘텐츠 발견
2026-05-22 03:11:28,217 [INFO] [오픈애즈] 신규 콘텐츠 없음
2026-05-22 03:11:28,217 [INFO] [캐릿] 최신 콘텐츠 페이지 요청 중...
2026-05-22 03:11:29,106 [INFO] [캐릿] 총 20개 콘텐츠 발견
2026-05-22 03:11:29,107 [INFO] [캐릿] 신규 콘텐츠 없음
2026-05-22 03:11:29,107 [INFO] 실행 완료!
2026-05-22 08:42:32,964 [INFO] ==================================================
2026-05-22 08:42:32,964 [INFO] 마케팅 커뮤니티 → Slack 알림봇 실행
2026-05-22 08:42:32,964 [INFO]   - 오픈애즈 (openads.co.kr)
2026-05-22 08:42:32,964 [INFO]   - 캐릿 (careet.net)
2026-05-22 08:42:32,964 [INFO] ==================================================
2026-05-22 08:42:32,965 [INFO] [오픈애즈] 최신 콘텐츠 페이지 요청 중...
2026-05-22 08:42:35,120 [INFO] [오픈애즈] 총 8개 콘텐츠 발견
2026-05-22 08:42:35,121 [INFO] [오픈애즈] 🆕 신규 콘텐츠 8건 발견! 날짜 확인 중...
2026-05-22 08:42:35,122 [INFO]   [1/8] 상세 정보 수집: 6월 콘텐츠 총 정리 (영화, 드라마, 웹툰, 게임, KPOP)...
2026-05-22 08:42:36,618 [INFO]     ❓ 발행일 확인 불가, 전송: 6월 콘텐츠 총 정리 (영화, 드라마, 웹툰, 게임, KPOP)
2026-05-22 08:42:37,618 [INFO]   [2/8] 상세 정보 수집: 니치마켓 충성도 100%를 이룬 마운틴 듀...
2026-05-22 08:42:38,915 [INFO]     ❓ 발행일 확인 불가, 전송: 니치마켓 충성도 100%를 이룬 마운틴 듀
2026-05-22 08:42:39,916 [INFO]   [3/8] 상세 정보 수집: 왜 올리브영은 1년에 딱 4번만 세일할까?...
2026-05-22 08:42:41,282 [INFO]     ❓ 발행일 확인 불가, 전송: 왜 올리브영은 1년에 딱 4번만 세일할까?
2026-05-22 08:42:42,282 [INFO]   [4/8] 상세 정보 수집: 2026 크리테오 커머스 포럼 다시보기 2: 실무에 바로 적용 가능한 마...
2026-05-22 08:42:43,776 [INFO]     ❓ 발행일 확인 불가, 전송: 2026 크리테오 커머스 포럼 다시보기 2: 실무에 바로 적용 가능한 마
2026-05-22 08:42:44,776 [INFO]   [5/8] 상세 정보 수집: [구글 공식 GEO 가이드] ‘AI 검색에 나오는 법’, SEO를 몰라도...
2026-05-22 08:42:46,278 [INFO]     ❓ 발행일 확인 불가, 전송: [구글 공식 GEO 가이드] ‘AI 검색에 나오는 법’, SEO를 몰라도
2026-05-22 08:42:47,279 [INFO]   [6/8] 상세 정보 수집: 천연 위고비부터 홈메이드 보톡스까지, '셀프 웰니스'에 빠진 MZ?...
2026-05-22 08:42:48,785 [INFO]     ❓ 발행일 확인 불가, 전송: 천연 위고비부터 홈메이드 보톡스까지, '셀프 웰니스'에 빠진 MZ?
2026-05-22 08:42:49,785 [INFO]   [7/8] 상세 정보 수집: 홈쇼핑 광고 성과 있을까요? 데이터 분석해봤습니다....
2026-05-22 08:42:50,958 [INFO]     ❓ 발행일 확인 불가, 전송: 홈쇼핑 광고 성과 있을까요? 데이터 분석해봤습니다.
2026-05-22 08:42:51,959 [INFO]   [8/8] 상세 정보 수집: 시간이 지나도 빛나는 레전드 카피들! 현업인이 사랑한 카피는?...
2026-05-22 08:42:53,291 [INFO]     ❓ 발행일 확인 불가, 전송: 시간이 지나도 빛나는 레전드 카피들! 현업인이 사랑한 카피는?
2026-05-22 08:42:54,551 [INFO] [오픈애즈] Slack 전송 성공! (청크 1: 8건)
2026-05-22 08:42:55,664 [INFO] 카카오 액세스 토큰 발급 성공
2026-05-22 08:42:56,756 [INFO] [오픈애즈] 카카오톡 전송 성공! (8건)
2026-05-22 08:42:56,758 [INFO] [캐릿] 최신 콘텐츠 페이지 요청 중...
2026-05-22 08:42:57,799 [INFO] [캐릿] 총 20개 콘텐츠 발견
2026-05-22 08:42:57,801 [INFO] [캐릿] 🆕 신규 콘텐츠 20건 발견! 날짜 확인 중...
2026-05-22 08:42:57,801 [INFO]   [1/20] 상세 정보 수집: 리셀가 5배 상승! 2030 남성 소비자 잠실에 모인 이유는? 이주의 유...
2026-05-22 08:42:58,818 [INFO]     ❓ 발행일 확인 불가, 전송: 리셀가 5배 상승! 2030 남성 소비자 잠실에 모인 이유는? 이주의 유
2026-05-22 08:42:59,819 [INFO]   [2/20] 상세 정보 수집: 트렌드에도 매수·매도 타이밍이 있다? 분야별 ‘트렌드 지속 기간’ 알려드...
2026-05-22 08:43:00,848 [INFO]     ❓ 발행일 확인 불가, 전송: 트렌드에도 매수·매도 타이밍이 있다? 분야별 ‘트렌드 지속 기간’ 알려드
2026-05-22 08:43:01,848 [INFO]   [3/20] 상세 정보 수집: 아이디어가 고갈 됐을 때 꺼내보세요! 빈틈을 파고드는 카피 레퍼런스 28...
2026-05-22 08:43:03,456 [INFO]     ❓ 발행일 확인 불가, 전송: 아이디어가 고갈 됐을 때 꺼내보세요! 빈틈을 파고드는 카피 레퍼런스 28
2026-05-22 08:43:04,457 [INFO]   [4/20] 상세 정보 수집: 바이브 코딩 언제까지 미루실 건가요? 힙한 사이트 5분 만에 만드는 법 ...
2026-05-22 08:43:05,532 [INFO]     ❓ 발행일 확인 불가, 전송: 바이브 코딩 언제까지 미루실 건가요? 힙한 사이트 5분 만에 만드는 법 
2026-05-22 08:43:06,533 [INFO]   [5/20] 상세 정보 수집: 어버이날 마케팅부터 장카설유 광고 비하인드까지! 이주의 일 잘한 브랜드 ...
2026-05-22 08:43:07,636 [INFO]     ❓ 발행일 확인 불가, 전송: 어버이날 마케팅부터 장카설유 광고 비하인드까지! 이주의 일 잘한 브랜드 
2026-05-22 08:43:08,636 [INFO]   [6/20] 상세 정보 수집: 위고비 대신 천연 위고비? 글로벌 Z세대 저격한 화제의 유행템 4유행중2...
2026-05-22 08:43:09,671 [INFO]     ❓ 발행일 확인 불가, 전송: 위고비 대신 천연 위고비? 글로벌 Z세대 저격한 화제의 유행템 4유행중2
2026-05-22 08:43:10,671 [INFO]   [7/20] 상세 정보 수집: 92년 된 올드 브랜드가 감다살 소리 듣는 이유 ‘학화’ 담당자에게 트렌...
2026-05-22 08:43:11,786 [INFO]     ❓ 발행일 확인 불가, 전송: 92년 된 올드 브랜드가 감다살 소리 듣는 이유 ‘학화’ 담당자에게 트렌
2026-05-22 08:43:12,786 [INFO]   [8/20] 상세 정보 수집: 하이디라오부터 지역 축제까지! 핫한 오프라인 현장에서 발견한 흥행 공식2...
2026-05-22 08:43:13,839 [INFO]     ❓ 발행일 확인 불가, 전송: 하이디라오부터 지역 축제까지! 핫한 오프라인 현장에서 발견한 흥행 공식2
2026-05-22 08:43:14,840 [INFO]   [9/20] 상세 정보 수집: 도대체 어디서 시작된 거야? 요즘 SNS에서 뜨는 밈 모음유행중2026....
2026-05-22 08:43:15,833 [INFO]     ❓ 발행일 확인 불가, 전송: 도대체 어디서 시작된 거야? 요즘 SNS에서 뜨는 밈 모음유행중2026.
2026-05-22 08:43:16,834 [INFO]   [10/20] 상세 정보 수집: 신메뉴 홍보를 관악산 정상에서 했다고? 조회수 600만! 반응 터진 마케...
2026-05-22 08:43:17,847 [INFO]     ❓ 발행일 확인 불가, 전송: 신메뉴 홍보를 관악산 정상에서 했다고? 조회수 600만! 반응 터진 마케
2026-05-22 08:43:18,847 [INFO]   [11/20] 상세 정보 수집: Z세대가 밤새워서 본다는 ‘과일 막장 드라마’ 왜 뜨는 거야? 이주의 유...
2026-05-22 08:43:19,855 [INFO]     ❓ 발행일 확인 불가, 전송: Z세대가 밤새워서 본다는 ‘과일 막장 드라마’ 왜 뜨는 거야? 이주의 유
2026-05-22 08:43:20,856 [INFO]   [12/20] 상세 정보 수집: 연평균 300만 원 쓰는 1500만 명 반려인 마케팅 아직도 놓치고 계세...
2026-05-22 08:43:21,898 [INFO]     ❓ 발행일 확인 불가, 전송: 연평균 300만 원 쓰는 1500만 명 반려인 마케팅 아직도 놓치고 계세
2026-05-22 08:43:22,899 [INFO]   [13/20] 상세 정보 수집: “브랜드 매장에 이런 거 있었으면 좋겠다” 팝업·오프라인 마케팅 레퍼런스...
2026-05-22 08:43:24,011 [INFO]     ❓ 발행일 확인 불가, 전송: “브랜드 매장에 이런 거 있었으면 좋겠다” 팝업·오프라인 마케팅 레퍼런스
2026-05-22 08:43:25,011 [INFO]   [14/20] 상세 정보 수집: ‘좋아요’ 36만 개! 도달률 높은 SNS 마케팅 특징 이주의 일 잘한 ...
2026-05-22 08:43:26,083 [INFO]     ❓ 발행일 확인 불가, 전송: ‘좋아요’ 36만 개! 도달률 높은 SNS 마케팅 특징 이주의 일 잘한 
2026-05-22 08:43:27,084 [INFO]   [15/20] 상세 정보 수집: 페스티벌, 콜라보, 오프라인 이벤트! 국경 없이 통하는 마케팅 레퍼런스2...
2026-05-22 08:43:28,125 [INFO]     ❓ 발행일 확인 불가, 전송: 페스티벌, 콜라보, 오프라인 이벤트! 국경 없이 통하는 마케팅 레퍼런스2
2026-05-22 08:43:29,125 [INFO]   [16/20] 상세 정보 수집: 한국, 튀르키예, 인도네시아까지? 전 세계인 대통합시킨 글로벌 밈 모음2...
2026-05-22 08:43:30,264 [INFO]     ❓ 발행일 확인 불가, 전송: 한국, 튀르키예, 인도네시아까지? 전 세계인 대통합시킨 글로벌 밈 모음2
2026-05-22 08:43:31,265 [INFO]   [17/20] 상세 정보 수집: 00년생 이하는 한번쯤 겪어봤다는 ‘청춘통’ 대체 뭐길래?2026.04....
2026-05-22 08:43:32,317 [INFO]     ❓ 발행일 확인 불가, 전송: 00년생 이하는 한번쯤 겪어봤다는 ‘청춘통’ 대체 뭐길래?2026.04.
2026-05-22 08:43:33,317 [INFO]   [18/20] 상세 정보 수집: 댓글 약 3천 개가 달린 화제의 이벤트는? 이주의 일 잘한 브랜드 420...
2026-05-22 08:43:34,326 [INFO]     ❓ 발행일 확인 불가, 전송: 댓글 약 3천 개가 달린 화제의 이벤트는? 이주의 일 잘한 브랜드 420
2026-05-22 08:43:35,326 [INFO]   [19/20] 상세 정보 수집: 해외판 감튀 모임 등장? 9백만 뷰 찍은 오프라인 트렌드부터 유행 예감 ...
2026-05-22 08:43:36,317 [INFO]     ❓ 발행일 확인 불가, 전송: 해외판 감튀 모임 등장? 9백만 뷰 찍은 오프라인 트렌드부터 유행 예감 
2026-05-22 08:43:37,317 [INFO]   [20/20] 상세 정보 수집: 불황 속 새로운 돌파구를 찾고 싶다면? 세상에 없던 소비 트렌드 ‘페이크...
2026-05-22 08:43:38,597 [INFO]     ❓ 발행일 확인 불가, 전송: 불황 속 새로운 돌파구를 찾고 싶다면? 세상에 없던 소비 트렌드 ‘페이크
2026-05-22 08:43:39,753 [INFO] [캐릿] Slack 전송 성공! (청크 1: 20건)
2026-05-22 08:43:41,069 [INFO] 카카오 액세스 토큰 발급 성공
2026-05-22 08:43:42,174 [INFO] [캐릿] 카카오톡 전송 성공! (20건)
2026-05-22 08:43:42,176 [INFO] seen_contents.json 업데이트 완료 (총 28개 기록)
2026-05-22 08:43:42,176 [INFO] 실행 완료!
2026-05-22 09:44:23,261 [INFO] ==================================================
2026-05-22 09:44:23,261 [INFO] 마케팅 커뮤니티 → Slack 알림봇 실행
2026-05-22 09:44:23,261 [INFO]   - 오픈애즈 (openads.co.kr)
2026-05-22 09:44:23,261 [INFO]   - 캐릿 (careet.net)
2026-05-22 09:44:23,261 [INFO] ==================================================
2026-05-22 09:44:23,261 [INFO] [오픈애즈] 최신 콘텐츠 페이지 요청 중...
2026-05-22 09:44:25,558 [INFO] [오픈애즈] 총 8개 콘텐츠 발견
2026-05-22 09:44:25,559 [INFO] [오픈애즈] 신규 콘텐츠 없음
2026-05-22 09:44:25,560 [INFO] [캐릿] 최신 콘텐츠 페이지 요청 중...
2026-05-22 09:44:26,792 [INFO] [캐릿] 총 20개 콘텐츠 발견
2026-05-22 09:44:26,793 [INFO] [캐릿] 신규 콘텐츠 없음
2026-05-22 09:44:26,793 [INFO] 실행 완료!
2026-05-23 01:49:24,333 [INFO] ==================================================
2026-05-23 01:49:24,333 [INFO] 마케팅 커뮤니티 → Slack 알림봇 실행
2026-05-23 01:49:24,333 [INFO]   - 오픈애즈 (openads.co.kr)
2026-05-23 01:49:24,333 [INFO]   - 캐릿 (careet.net)
2026-05-23 01:49:24,333 [INFO] ==================================================
2026-05-23 01:49:24,333 [INFO] [오픈애즈] 최신 콘텐츠 페이지 요청 중...
2026-05-23 01:49:26,395 [INFO] [오픈애즈] 총 6개 콘텐츠 발견
2026-05-23 01:49:26,396 [INFO] [오픈애즈] 🆕 신규 콘텐츠 2건 발견! 날짜 확인 중...
2026-05-23 01:49:26,396 [INFO]   [1/2] 상세 정보 수집: G마켓, 광고는 터져도 매출은 그대로인 이유...
2026-05-23 01:49:27,801 [INFO]     ❓ 발행일 확인 불가, 전송: G마켓, 광고는 터져도 매출은 그대로인 이유
2026-05-23 01:49:28,801 [INFO]   [2/2] 상세 정보 수집: 2026 NPR TARGET INFOGRAPHICS 30대  “실속형 스...
2026-05-23 01:49:30,054 [INFO]     ❓ 발행일 확인 불가, 전송: 2026 NPR TARGET INFOGRAPHICS 30대  “실속형 스
2026-05-23 01:49:31,253 [INFO] [오픈애즈] Slack 전송 성공! (청크 1: 2건)
2026-05-23 01:49:32,494 [INFO] 카카오 액세스 토큰 발급 성공
2026-05-23 01:49:33,797 [INFO] [오픈애즈] 카카오톡 전송 성공! (2건)
2026-05-23 01:49:33,798 [INFO] [캐릿] 최신 콘텐츠 페이지 요청 중...
2026-05-23 01:49:34,863 [INFO] [캐릿] 총 20개 콘텐츠 발견
2026-05-23 01:49:34,864 [INFO] [캐릿] 신규 콘텐츠 없음
2026-05-23 01:49:34,865 [INFO] seen_contents.json 업데이트 완료 (총 30개 기록)
2026-05-23 01:49:34,865 [INFO] 실행 완료!
2026-05-23 08:28:45,484 [INFO] ==================================================
2026-05-23 08:28:45,484 [INFO] 마케팅 커뮤니티 → Slack 알림봇 실행
2026-05-23 08:28:45,484 [INFO]   - 오픈애즈 (openads.co.kr)
2026-05-23 08:28:45,484 [INFO]   - 캐릿 (careet.net)
2026-05-23 08:28:45,484 [INFO] ==================================================
2026-05-23 08:28:45,484 [INFO] [오픈애즈] 최신 콘텐츠 페이지 요청 중...
2026-05-23 08:28:47,494 [INFO] [오픈애즈] 총 6개 콘텐츠 발견
2026-05-23 08:28:47,496 [INFO] [오픈애즈] 신규 콘텐츠 없음
2026-05-23 08:28:47,496 [INFO] [캐릿] 최신 콘텐츠 페이지 요청 중...
2026-05-23 08:28:48,514 [INFO] [캐릿] 총 20개 콘텐츠 발견
2026-05-23 08:28:48,515 [INFO] [캐릿] 신규 콘텐츠 없음
2026-05-23 08:28:48,515 [INFO] 실행 완료!
2026-05-24 01:55:48,897 [INFO] ==================================================
2026-05-24 01:55:48,897 [INFO] 마케팅 커뮤니티 → Slack 알림봇 실행
2026-05-24 01:55:48,897 [INFO]   - 오픈애즈 (openads.co.kr)
2026-05-24 01:55:48,897 [INFO]   - 캐릿 (careet.net)
2026-05-24 01:55:48,897 [INFO] ==================================================
2026-05-24 01:55:48,898 [INFO] [오픈애즈] 최신 콘텐츠 페이지 요청 중...
2026-05-24 01:55:51,159 [INFO] [오픈애즈] 총 4개 콘텐츠 발견
2026-05-24 01:55:51,160 [INFO] [오픈애즈] 신규 콘텐츠 없음
2026-05-24 01:55:51,160 [INFO] [캐릿] 최신 콘텐츠 페이지 요청 중...
2026-05-24 01:55:52,348 [INFO] [캐릿] 총 20개 콘텐츠 발견
2026-05-24 01:55:52,349 [INFO] [캐릿] 신규 콘텐츠 없음
2026-05-24 01:55:52,349 [INFO] 실행 완료!
2026-05-24 08:41:37,515 [INFO] ==================================================
2026-05-24 08:41:37,515 [INFO] 마케팅 커뮤니티 → Slack 알림봇 실행
2026-05-24 08:41:37,515 [INFO]   - 오픈애즈 (openads.co.kr)
2026-05-24 08:41:37,515 [INFO]   - 캐릿 (careet.net)
2026-05-24 08:41:37,515 [INFO] ==================================================
2026-05-24 08:41:37,516 [INFO] [오픈애즈] 최신 콘텐츠 페이지 요청 중...
2026-05-24 08:41:39,966 [INFO] [오픈애즈] 총 4개 콘텐츠 발견
2026-05-24 08:41:39,967 [INFO] [오픈애즈] 신규 콘텐츠 없음
2026-05-24 08:41:39,967 [INFO] [캐릿] 최신 콘텐츠 페이지 요청 중...
2026-05-24 08:41:41,085 [INFO] [캐릿] 총 20개 콘텐츠 발견
2026-05-24 08:41:41,086 [INFO] [캐릿] 신규 콘텐츠 없음
2026-05-24 08:41:41,086 [INFO] 실행 완료!
2026-05-25 02:02:25,298 [INFO] ==================================================
2026-05-25 02:02:25,298 [INFO] 마케팅 커뮤니티 → Slack 알림봇 실행
2026-05-25 02:02:25,298 [INFO]   - 오픈애즈 (openads.co.kr)
2026-05-25 02:02:25,298 [INFO]   - 캐릿 (careet.net)
2026-05-25 02:02:25,298 [INFO] ==================================================
2026-05-25 02:02:25,298 [INFO] [오픈애즈] 최신 콘텐츠 페이지 요청 중...
2026-05-25 02:02:27,591 [INFO] [오픈애즈] 총 5개 콘텐츠 발견
2026-05-25 02:02:27,592 [INFO] [오픈애즈] 🆕 신규 콘텐츠 1건 발견! 날짜 확인 중...
2026-05-25 02:02:27,593 [INFO]   [1/1] 상세 정보 수집: 조부모님 댁에서 먹던 그 맛? 농심 누룽지팝이 보여주는 뉴트로 마케팅의 ...
2026-05-25 02:02:29,021 [INFO]     ❓ 발행일 확인 불가, 전송: 조부모님 댁에서 먹던 그 맛? 농심 누룽지팝이 보여주는 뉴트로 마케팅의 
2026-05-25 02:02:30,177 [INFO] [오픈애즈] Slack 전송 성공! (청크 1: 1건)
2026-05-25 02:02:31,346 [INFO] 카카오 액세스 토큰 발급 성공
2026-05-25 02:02:32,583 [INFO] [오픈애즈] 카카오톡 전송 성공! (1건)
2026-05-25 02:02:32,584 [INFO] [캐릿] 최신 콘텐츠 페이지 요청 중...
2026-05-25 02:02:33,786 [INFO] [캐릿] 총 20개 콘텐츠 발견
2026-05-25 02:02:33,788 [INFO] [캐릿] 신규 콘텐츠 없음
2026-05-25 02:02:33,788 [INFO] seen_contents.json 업데이트 완료 (총 31개 기록)
2026-05-25 02:02:33,788 [INFO] 실행 완료!
2026-05-25 10:25:58,378 [INFO] ==================================================
2026-05-25 10:25:58,378 [INFO] 마케팅 커뮤니티 → Slack 알림봇 실행
2026-05-25 10:25:58,378 [INFO]   - 오픈애즈 (openads.co.kr)
2026-05-25 10:25:58,378 [INFO]   - 캐릿 (careet.net)
2026-05-25 10:25:58,378 [INFO] ==================================================
2026-05-25 10:25:58,378 [INFO] [오픈애즈] 최신 콘텐츠 페이지 요청 중...
2026-05-25 10:26:00,254 [INFO] [오픈애즈] 총 5개 콘텐츠 발견
2026-05-25 10:26:00,255 [INFO] [오픈애즈] 신규 콘텐츠 없음
2026-05-25 10:26:00,255 [INFO] [캐릿] 최신 콘텐츠 페이지 요청 중...
2026-05-25 10:26:01,106 [INFO] [캐릿] 총 20개 콘텐츠 발견
2026-05-25 10:26:01,107 [INFO] [캐릿] 신규 콘텐츠 없음
2026-05-25 10:26:01,107 [INFO] 실행 완료!
2026-05-26 01:54:07,658 [INFO] ==================================================
2026-05-26 01:54:07,658 [INFO] 마케팅 커뮤니티 → Slack 알림봇 실행
2026-05-26 01:54:07,659 [INFO]   - 오픈애즈 (openads.co.kr)
2026-05-26 01:54:07,659 [INFO]   - 캐릿 (careet.net)
2026-05-26 01:54:07,659 [INFO] ==================================================
2026-05-26 01:54:07,659 [INFO] [오픈애즈] 최신 콘텐츠 페이지 요청 중...
2026-05-26 01:54:10,391 [INFO] [오픈애즈] 총 8개 콘텐츠 발견
2026-05-26 01:54:10,392 [INFO] [오픈애즈] 🆕 신규 콘텐츠 4건 발견! 날짜 확인 중...
2026-05-26 01:54:10,392 [INFO]   [1/4] 상세 정보 수집: 26년 4월 해외직구 앱/리테일 동향: 알리익스프레스, 테무, 쉬인으로 ...
2026-05-26 01:54:12,334 [INFO]     ❓ 발행일 확인 불가, 전송: 26년 4월 해외직구 앱/리테일 동향: 알리익스프레스, 테무, 쉬인으로 
2026-05-26 01:54:13,335 [INFO]   [2/4] 상세 정보 수집: 물건을 팔기 전에 '관점'을 파는 시대? 무신사는 왜 매거진B를 샀을까 ...
2026-05-26 01:54:15,066 [INFO]     ❓ 발행일 확인 불가, 전송: 물건을 팔기 전에 '관점'을 파는 시대? 무신사는 왜 매거진B를 샀을까 
2026-05-26 01:54:16,067 [INFO]   [3/4] 상세 정보 수집: GEO vs SEO, 무엇이 다를까요?  2026년 AI 검색 시대 마케...
2026-05-26 01:54:17,727 [INFO]     ❓ 발행일 확인 불가, 전송: GEO vs SEO, 무엇이 다를까요?  2026년 AI 검색 시대 마케
2026-05-26 01:54:18,727 [INFO]   [4/4] 상세 정보 수집: 영크크를 이을 그린그린 레드레드 밈, 마케터가 쓰고 싶다면?...
2026-05-26 01:54:20,704 [INFO]     ❓ 발행일 확인 불가, 전송: 영크크를 이을 그린그린 레드레드 밈, 마케터가 쓰고 싶다면?
2026-05-26 01:54:21,920 [INFO] [오픈애즈] Slack 전송 성공! (청크 1: 4건)
2026-05-26 01:54:23,153 [INFO] 카카오 액세스 토큰 발급 성공
2026-05-26 01:54:24,155 [INFO] [오픈애즈] 카카오톡 전송 성공! (4건)
2026-05-26 01:54:24,156 [INFO] [캐릿] 최신 콘텐츠 페이지 요청 중...
2026-05-26 01:54:25,409 [INFO] [캐릿] 총 20개 콘텐츠 발견
2026-05-26 01:54:25,410 [INFO] [캐릿] 🆕 신규 콘텐츠 1건 발견! 날짜 확인 중...
2026-05-26 01:54:25,410 [INFO]   [1/1] 상세 정보 수집: 여성 소비자를 사로잡는 신선한 마케팅이 필요하다면? ‘엄미새’, ‘언미새...
2026-05-26 01:54:26,908 [INFO]     ❓ 발행일 확인 불가, 전송: 여성 소비자를 사로잡는 신선한 마케팅이 필요하다면? ‘엄미새’, ‘언미새
2026-05-26 01:54:27,986 [INFO] [캐릿] Slack 전송 성공! (청크 1: 1건)
2026-05-26 01:54:28,605 [INFO] 카카오 액세스 토큰 발급 성공
2026-05-26 01:54:29,432 [INFO] [캐릿] 카카오톡 전송 성공! (1건)
2026-05-26 01:54:29,434 [INFO] seen_contents.json 업데이트 완료 (총 36개 기록)
2026-05-26 01:54:29,434 [INFO] 실행 완료!
2026-05-26 10:13:49,919 [INFO] ==================================================
2026-05-26 10:13:49,919 [INFO] 마케팅 커뮤니티 → Slack 알림봇 실행
2026-05-26 10:13:49,919 [INFO]   - 오픈애즈 (openads.co.kr)
2026-05-26 10:13:49,919 [INFO]   - 캐릿 (careet.net)
2026-05-26 10:13:49,919 [INFO] ==================================================
2026-05-26 10:13:49,919 [INFO] [오픈애즈] 최신 콘텐츠 페이지 요청 중...
2026-05-26 10:13:51,686 [INFO] [오픈애즈] 총 8개 콘텐츠 발견
2026-05-26 10:13:51,687 [INFO] [오픈애즈] 🆕 신규 콘텐츠 2건 발견! 날짜 확인 중...
2026-05-26 10:13:51,687 [INFO]   [1/2] 상세 정보 수집: 도메인 권위, 토픽 권위란? AI 시대 검색 권위의 기준과 콘텐츠 클러스...
2026-05-26 10:13:53,144 [INFO]     ❓ 발행일 확인 불가, 전송: 도메인 권위, 토픽 권위란? AI 시대 검색 권위의 기준과 콘텐츠 클러스
2026-05-26 10:13:54,145 [INFO]   [2/2] 상세 정보 수집: 요즘 사람들은 정보를 검색하지 않습니다. 정보의 끝판왕은? ‘경제 유튜버...
2026-05-26 10:13:55,422 [INFO]     ❓ 발행일 확인 불가, 전송: 요즘 사람들은 정보를 검색하지 않습니다. 정보의 끝판왕은? ‘경제 유튜버
2026-05-26 10:13:56,576 [INFO] [오픈애즈] Slack 전송 성공! (청크 1: 2건)
2026-05-26 10:13:57,931 [INFO] 카카오 액세스 토큰 발급 성공
2026-05-26 10:13:59,318 [INFO] [오픈애즈] 카카오톡 전송 성공! (2건)
2026-05-26 10:13:59,319 [INFO] [캐릿] 최신 콘텐츠 페이지 요청 중...
2026-05-26 10:14:00,407 [INFO] [캐릿] 총 20개 콘텐츠 발견
2026-05-26 10:14:00,408 [INFO] [캐릿] 신규 콘텐츠 없음
2026-05-26 10:14:00,408 [INFO] seen_contents.json 업데이트 완료 (총 38개 기록)
2026-05-26 10:14:00,408 [INFO] 실행 완료!
2026-05-27 02:02:00,809 [INFO] ==================================================
2026-05-27 02:02:00,809 [INFO] 마케팅 커뮤니티 → Slack 알림봇 실행
2026-05-27 02:02:00,809 [INFO]   - 오픈애즈 (openads.co.kr)
2026-05-27 02:02:00,809 [INFO]   - 캐릿 (careet.net)
2026-05-27 02:02:00,809 [INFO] ==================================================
2026-05-27 02:02:00,809 [INFO] [오픈애즈] 최신 콘텐츠 페이지 요청 중...
2026-05-27 02:02:02,841 [INFO] [오픈애즈] 총 8개 콘텐츠 발견
2026-05-27 02:02:02,842 [INFO] [오픈애즈] 🆕 신규 콘텐츠 5건 발견! 날짜 확인 중...
2026-05-27 02:02:02,842 [INFO]   [1/5] 상세 정보 수집: [마케띵킹] AI가 추천하는 브랜드 vs 안 하는 브랜드...
2026-05-27 02:02:04,712 [INFO]     ❓ 발행일 확인 불가, 전송: [마케띵킹] AI가 추천하는 브랜드 vs 안 하는 브랜드
2026-05-27 02:02:05,713 [INFO]   [2/5] 상세 정보 수집: 토마토코어, 이제는 하나의 장르가 됐다 - 제철코어의 진화...
2026-05-27 02:02:07,174 [INFO]     ❓ 발행일 확인 불가, 전송: 토마토코어, 이제는 하나의 장르가 됐다 - 제철코어의 진화
2026-05-27 02:02:08,174 [INFO]   [3/5] 상세 정보 수집: 인스타 이벤트, 당첨자 발표 후에 진짜 일이 터지는 이유...
2026-05-27 02:02:09,924 [INFO]     ❓ 발행일 확인 불가, 전송: 인스타 이벤트, 당첨자 발표 후에 진짜 일이 터지는 이유
2026-05-27 02:02:10,924 [INFO]   [4/5] 상세 정보 수집: MZ·대학생 마케팅, 캠퍼스 앱으로 어떻게 공략할까?...
2026-05-27 02:02:12,579 [INFO]     ❓ 발행일 확인 불가, 전송: MZ·대학생 마케팅, 캠퍼스 앱으로 어떻게 공략할까?
2026-05-27 02:02:13,580 [INFO]   [5/5] 상세 정보 수집: Coming soon! 한국 AI 광고 도입 초읽기 [5월 디지털 미디어...
2026-05-27 02:02:15,143 [INFO]     ❓ 발행일 확인 불가, 전송: Coming soon! 한국 AI 광고 도입 초읽기 [5월 디지털 미디어
2026-05-27 02:02:16,339 [INFO] [오픈애즈] Slack 전송 성공! (청크 1: 5건)
2026-05-27 02:02:17,521 [INFO] 카카오 액세스 토큰 발급 성공
2026-05-27 02:02:18,725 [INFO] [오픈애즈] 카카오톡 전송 성공! (5건)
2026-05-27 02:02:18,726 [INFO] [캐릿] 최신 콘텐츠 페이지 요청 중...
2026-05-27 02:02:19,923 [INFO] [캐릿] 총 20개 콘텐츠 발견
2026-05-27 02:02:19,924 [INFO] [캐릿] 🆕 신규 콘텐츠 1건 발견! 날짜 확인 중...
2026-05-27 02:02:19,924 [INFO]   [1/1] 상세 정보 수집: 잘 만든 브랜드 부스, 열 캠페인 안 부럽다! 국내외에서 화제를 모은 페...
2026-05-27 02:02:21,134 [INFO]     ❓ 발행일 확인 불가, 전송: 잘 만든 브랜드 부스, 열 캠페인 안 부럽다! 국내외에서 화제를 모은 페
2026-05-27 02:02:22,208 [INFO] [캐릿] Slack 전송 성공! (청크 1: 1건)
2026-05-27 02:02:23,026 [INFO] 카카오 액세스 토큰 발급 성공
2026-05-27 02:02:23,865 [INFO] [캐릿] 카카오톡 전송 성공! (1건)
2026-05-27 02:02:23,867 [INFO] seen_contents.json 업데이트 완료 (총 44개 기록)
2026-05-27 02:02:23,867 [INFO] 실행 완료!
2026-05-27 10:12:08,299 [INFO] ==================================================
2026-05-27 10:12:08,299 [INFO] 마케팅 커뮤니티 → Slack 알림봇 실행
2026-05-27 10:12:08,299 [INFO]   - 오픈애즈 (openads.co.kr)
2026-05-27 10:12:08,299 [INFO]   - 캐릿 (careet.net)
2026-05-27 10:12:08,299 [INFO] ==================================================
2026-05-27 10:12:08,299 [INFO] [오픈애즈] 최신 콘텐츠 페이지 요청 중...
2026-05-27 10:12:10,239 [INFO] [오픈애즈] 총 8개 콘텐츠 발견
2026-05-27 10:12:10,240 [INFO] [오픈애즈] 🆕 신규 콘텐츠 4건 발견! 날짜 확인 중...
2026-05-27 10:12:10,241 [INFO]   [1/4] 상세 정보 수집: UNICEF 스페인 × 오길비, 페스티벌 손목밴드 잔액을 기부금으로 전환...
2026-05-27 10:12:11,711 [INFO]     ❓ 발행일 확인 불가, 전송: UNICEF 스페인 × 오길비, 페스티벌 손목밴드 잔액을 기부금으로 전환
2026-05-27 10:12:12,711 [INFO]   [2/4] 상세 정보 수집: 틱톡샵 베스트 셀러인 닥터 멜락신과 메디큐브는 뭐가 달랐을까...
2026-05-27 10:12:14,208 [INFO]     ❓ 발행일 확인 불가, 전송: 틱톡샵 베스트 셀러인 닥터 멜락신과 메디큐브는 뭐가 달랐을까
2026-05-27 10:12:15,208 [INFO]   [3/4] 상세 정보 수집: 🔎"내 상품이 갑자기 사라진다?" 쿠팡의 필터링과 이커머스 가격 단속...
2026-05-27 10:12:16,717 [INFO]     ❓ 발행일 확인 불가, 전송: 🔎"내 상품이 갑자기 사라진다?" 쿠팡의 필터링과 이커머스 가격 단속
2026-05-27 10:12:17,718 [INFO]   [4/4] 상세 정보 수집: 샐러디(SALADY)에서 비빔밥을? 비건이니까 괜찮아!...
2026-05-27 10:12:19,336 [INFO]     ❓ 발행일 확인 불가, 전송: 샐러디(SALADY)에서 비빔밥을? 비건이니까 괜찮아!
2026-05-27 10:12:20,714 [INFO] [오픈애즈] Slack 전송 성공! (청크 1: 4건)
2026-05-27 10:12:21,651 [INFO] 카카오 액세스 토큰 발급 성공
2026-05-27 10:12:22,627 [INFO] [오픈애즈] 카카오톡 전송 성공! (4건)
2026-05-27 10:12:22,628 [INFO] [캐릿] 최신 콘텐츠 페이지 요청 중...
2026-05-27 10:12:23,626 [INFO] [캐릿] 총 20개 콘텐츠 발견
2026-05-27 10:12:23,627 [INFO] [캐릿] 신규 콘텐츠 없음
2026-05-27 10:12:23,627 [INFO] seen_contents.json 업데이트 완료 (총 48개 기록)
2026-05-27 10:12:23,627 [INFO] 실행 완료!
2026-05-28 01:46:40,338 [INFO] ==================================================
2026-05-28 01:46:40,338 [INFO] 마케팅 커뮤니티 → Slack 알림봇 실행
2026-05-28 01:46:40,338 [INFO]   - 오픈애즈 (openads.co.kr)
2026-05-28 01:46:40,338 [INFO]   - 캐릿 (careet.net)
2026-05-28 01:46:40,338 [INFO] ==================================================
2026-05-28 01:46:40,339 [INFO] [오픈애즈] 최신 콘텐츠 페이지 요청 중...
2026-05-28 01:46:42,613 [INFO] [오픈애즈] 총 8개 콘텐츠 발견
2026-05-28 01:46:42,614 [INFO] [오픈애즈] 🆕 신규 콘텐츠 5건 발견! 날짜 확인 중...
2026-05-28 01:46:42,614 [INFO]   [1/5] 상세 정보 수집: 쇼핑몰이라면 올영세일 전 미리 준비하세요!...
2026-05-28 01:46:44,769 [INFO]     ❓ 발행일 확인 불가, 전송: 쇼핑몰이라면 올영세일 전 미리 준비하세요!
2026-05-28 01:46:45,769 [INFO]   [2/5] 상세 정보 수집: Google이 공식 가이드로 정리한 AEO...
2026-05-28 01:46:47,589 [INFO]     ❓ 발행일 확인 불가, 전송: Google이 공식 가이드로 정리한 AEO
2026-05-28 01:46:48,590 [INFO]   [3/5] 상세 정보 수집: 성과(Performance)를 만드는 혁신 요구, 소진(Burnout)을...
2026-05-28 01:46:50,415 [INFO]     ❓ 발행일 확인 불가, 전송: 성과(Performance)를 만드는 혁신 요구, 소진(Burnout)을
2026-05-28 01:46:51,415 [INFO]   [4/5] 상세 정보 수집: 이제 다이소가 없는 동네는 존재할 수 없어요...
2026-05-28 01:46:53,314 [INFO]     ❓ 발행일 확인 불가, 전송: 이제 다이소가 없는 동네는 존재할 수 없어요
2026-05-28 01:46:54,315 [INFO]   [5/5] 상세 정보 수집: 똑똑한 AI가 내 GA4 앞에서만 침묵하는 이유...
2026-05-28 01:46:56,222 [INFO]     ❓ 발행일 확인 불가, 전송: 똑똑한 AI가 내 GA4 앞에서만 침묵하는 이유
2026-05-28 01:46:57,452 [INFO] [오픈애즈] Slack 전송 성공! (청크 1: 5건)
2026-05-28 01:46:58,644 [INFO] 카카오 액세스 토큰 발급 성공
2026-05-28 01:46:59,932 [INFO] [오픈애즈] 카카오톡 전송 성공! (5건)
2026-05-28 01:46:59,933 [INFO] [캐릿] 최신 콘텐츠 페이지 요청 중...
2026-05-28 01:47:01,132 [INFO] [캐릿] 총 20개 콘텐츠 발견
2026-05-28 01:47:01,133 [INFO] [캐릿] 🆕 신규 콘텐츠 1건 발견! 날짜 확인 중...
2026-05-28 01:47:01,133 [INFO]   [1/1] 상세 정보 수집: 29CM ‘트렌드nIP 기획팀’에게 콜라보 시장에서 살아남는 법을 묻다2...
2026-05-28 01:47:02,357 [INFO]     ❓ 발행일 확인 불가, 전송: 29CM ‘트렌드nIP 기획팀’에게 콜라보 시장에서 살아남는 법을 묻다2
2026-05-28 01:47:03,428 [INFO] [캐릿] Slack 전송 성공! (청크 1: 1건)
2026-05-28 01:47:04,215 [INFO] 카카오 액세스 토큰 발급 성공
2026-05-28 01:47:05,028 [INFO] [캐릿] 카카오톡 전송 성공! (1건)
2026-05-28 01:47:05,029 [INFO] seen_contents.json 업데이트 완료 (총 54개 기록)
2026-05-28 01:47:05,029 [INFO] 실행 완료!
2026-05-28 10:20:57,512 [INFO] ==================================================
2026-05-28 10:20:57,512 [INFO] 마케팅 커뮤니티 → Slack 알림봇 실행
2026-05-28 10:20:57,512 [INFO]   - 오픈애즈 (openads.co.kr)
2026-05-28 10:20:57,512 [INFO]   - 캐릿 (careet.net)
2026-05-28 10:20:57,512 [INFO] ==================================================
2026-05-28 10:20:57,512 [INFO] [오픈애즈] 최신 콘텐츠 페이지 요청 중...
2026-05-28 10:20:59,394 [INFO] [오픈애즈] 총 8개 콘텐츠 발견
2026-05-28 10:20:59,395 [INFO] [오픈애즈] 🆕 신규 콘텐츠 4건 발견! 날짜 확인 중...
2026-05-28 10:20:59,395 [INFO]   [1/4] 상세 정보 수집: 5월 황금연휴, 사람들은 어디로 몰렸을까? 유동인구로 읽는 연휴 흐름...
2026-05-28 10:21:01,191 [INFO]     ❓ 발행일 확인 불가, 전송: 5월 황금연휴, 사람들은 어디로 몰렸을까? 유동인구로 읽는 연휴 흐름
2026-05-28 10:21:02,191 [INFO]   [2/4] 상세 정보 수집: 비개발자도 쉽게 따라하는 클로드 코워크 영업 루틴 자동화 실전 가이드...
2026-05-28 10:21:03,963 [INFO]     ❓ 발행일 확인 불가, 전송: 비개발자도 쉽게 따라하는 클로드 코워크 영업 루틴 자동화 실전 가이드
2026-05-28 10:21:04,963 [INFO]   [3/4] 상세 정보 수집: AI 크롤러 작동 방식은? GPTBot·ClaudeBot이 내 사이트를 ...
2026-05-28 10:21:06,810 [INFO]     ❓ 발행일 확인 불가, 전송: AI 크롤러 작동 방식은? GPTBot·ClaudeBot이 내 사이트를 
2026-05-28 10:21:07,810 [INFO]   [4/4] 상세 정보 수집: People Also Ask(PAA)란? 구글 관련 질문 섹션 노출 전략...
2026-05-28 10:21:09,582 [INFO]     ❓ 발행일 확인 불가, 전송: People Also Ask(PAA)란? 구글 관련 질문 섹션 노출 전략
2026-05-28 10:21:10,677 [INFO] [오픈애즈] Slack 전송 성공! (청크 1: 4건)
2026-05-28 10:21:11,832 [INFO] 카카오 액세스 토큰 발급 성공
2026-05-28 10:21:13,030 [INFO] [오픈애즈] 카카오톡 전송 성공! (4건)
2026-05-28 10:21:13,032 [INFO] [캐릿] 최신 콘텐츠 페이지 요청 중...
2026-05-28 10:21:14,233 [INFO] [캐릿] 총 20개 콘텐츠 발견
2026-05-28 10:21:14,234 [INFO] [캐릿] 신규 콘텐츠 없음
2026-05-28 10:21:14,235 [INFO] seen_contents.json 업데이트 완료 (총 58개 기록)
2026-05-28 10:21:14,235 [INFO] 실행 완료!
2026-05-29 01:55:30,876 [INFO] ==================================================
2026-05-29 01:55:30,876 [INFO] 마케팅 커뮤니티 → Slack 알림봇 실행
2026-05-29 01:55:30,876 [INFO]   - 오픈애즈 (openads.co.kr)
2026-05-29 01:55:30,876 [INFO]   - 캐릿 (careet.net)
2026-05-29 01:55:30,876 [INFO] ==================================================
2026-05-29 01:55:30,877 [INFO] [오픈애즈] 최신 콘텐츠 페이지 요청 중...
2026-05-29 01:55:32,632 [INFO] [오픈애즈] 총 8개 콘텐츠 발견
2026-05-29 01:55:32,633 [INFO] [오픈애즈] 🆕 신규 콘텐츠 5건 발견! 날짜 확인 중...
2026-05-29 01:55:32,634 [INFO]   [1/5] 상세 정보 수집: 세상을 화나게 한 최악의 광고들...
2026-05-29 01:55:34,429 [INFO]     ❓ 발행일 확인 불가, 전송: 세상을 화나게 한 최악의 광고들
2026-05-29 01:55:35,430 [INFO]   [2/5] 상세 정보 수집: 왜 AI 유입 고객에 주목해야 할까...
2026-05-29 01:55:37,032 [INFO]     ❓ 발행일 확인 불가, 전송: 왜 AI 유입 고객에 주목해야 할까
2026-05-29 01:55:38,032 [INFO]   [3/5] 상세 정보 수집: 26년 4월 자산 관리 전문 앱 동향: 증권, 보험, 부동산, 가상화폐 ...
2026-05-29 01:55:39,869 [INFO]     ❓ 발행일 확인 불가, 전송: 26년 4월 자산 관리 전문 앱 동향: 증권, 보험, 부동산, 가상화폐 
2026-05-29 01:55:40,870 [INFO]   [4/5] 상세 정보 수집: AI 시대 글로벌 성장 전략: K 브랜드가 주목해야 할 마케팅 변화...
2026-05-29 01:55:42,695 [INFO]     ❓ 발행일 확인 불가, 전송: AI 시대 글로벌 성장 전략: K 브랜드가 주목해야 할 마케팅 변화
2026-05-29 01:55:43,696 [INFO]   [5/5] 상세 정보 수집: 2026 스포츠 팬덤 오디언스 패키지: 종목별 오디언스 커버 전략...
2026-05-29 01:55:45,291 [INFO]     ❓ 발행일 확인 불가, 전송: 2026 스포츠 팬덤 오디언스 패키지: 종목별 오디언스 커버 전략
2026-05-29 01:55:46,542 [INFO] [오픈애즈] Slack 전송 성공! (청크 1: 5건)
2026-05-29 01:55:47,767 [INFO] 카카오 액세스 토큰 발급 성공
2026-05-29 01:55:49,081 [INFO] [오픈애즈] 카카오톡 전송 성공! (5건)
2026-05-29 01:55:49,082 [INFO] [캐릿] 최신 콘텐츠 페이지 요청 중...
2026-05-29 01:55:50,251 [INFO] [캐릿] 총 20개 콘텐츠 발견
2026-05-29 01:55:50,252 [INFO] [캐릿] 🆕 신규 콘텐츠 1건 발견! 날짜 확인 중...
2026-05-29 01:55:50,252 [INFO]   [1/1] 상세 정보 수집: 3개월 만에 40만 구독자 돌파한 계정은? 로컬 밈부터 최신 굿즈 트렌드...
2026-05-29 01:55:51,455 [INFO]     ❓ 발행일 확인 불가, 전송: 3개월 만에 40만 구독자 돌파한 계정은? 로컬 밈부터 최신 굿즈 트렌드
2026-05-29 01:55:52,555 [INFO] [캐릿] Slack 전송 성공! (청크 1: 1건)
2026-05-29 01:55:53,399 [INFO] 카카오 액세스 토큰 발급 성공
2026-05-29 01:55:54,257 [INFO] [캐릿] 카카오톡 전송 성공! (1건)
2026-05-29 01:55:54,258 [INFO] seen_contents.json 업데이트 완료 (총 64개 기록)
2026-05-29 01:55:54,258 [INFO] 실행 완료!
2026-05-29 10:09:52,179 [INFO] ==================================================
2026-05-29 10:09:52,179 [INFO] 마케팅 커뮤니티 → Slack 알림봇 실행
2026-05-29 10:09:52,179 [INFO]   - 오픈애즈 (openads.co.kr)
2026-05-29 10:09:52,179 [INFO]   - 캐릿 (careet.net)
2026-05-29 10:09:52,179 [INFO] ==================================================
2026-05-29 10:09:52,179 [INFO] [오픈애즈] 최신 콘텐츠 페이지 요청 중...
2026-05-29 10:09:54,122 [INFO] [오픈애즈] 총 8개 콘텐츠 발견
2026-05-29 10:09:54,124 [INFO] [오픈애즈] 🆕 신규 콘텐츠 4건 발견! 날짜 확인 중...
2026-05-29 10:09:54,124 [INFO]   [1/4] 상세 정보 수집: 플랫폼 수수료가 인건비 5명분을 넘던 날, 자사몰 이전을 결심했어요 [고...
2026-05-29 10:09:55,990 [INFO]     ❓ 발행일 확인 불가, 전송: 플랫폼 수수료가 인건비 5명분을 넘던 날, 자사몰 이전을 결심했어요 [고
2026-05-29 10:09:56,991 [INFO]   [2/4] 상세 정보 수집: 2026 디지털 라이프스타일 리포트 07. 재테크...
2026-05-29 10:09:58,655 [INFO]     ❓ 발행일 확인 불가, 전송: 2026 디지털 라이프스타일 리포트 07. 재테크
2026-05-29 10:09:59,655 [INFO]   [3/4] 상세 정보 수집: 2026 디지털 라이프스타일 리포트 06. 웹 콘텐츠...
2026-05-29 10:10:01,297 [INFO]     ❓ 발행일 확인 불가, 전송: 2026 디지털 라이프스타일 리포트 06. 웹 콘텐츠
2026-05-29 10:10:02,297 [INFO]   [4/4] 상세 정보 수집: 2026 디지털 라이프스타일 리포트 05. 온라인 쇼핑...
2026-05-29 10:10:03,818 [INFO]     ❓ 발행일 확인 불가, 전송: 2026 디지털 라이프스타일 리포트 05. 온라인 쇼핑
2026-05-29 10:10:04,977 [INFO] [오픈애즈] Slack 전송 성공! (청크 1: 4건)
2026-05-29 10:10:06,277 [INFO] 카카오 액세스 토큰 발급 성공
2026-05-29 10:10:07,464 [INFO] [오픈애즈] 카카오톡 전송 성공! (4건)
2026-05-29 10:10:07,465 [INFO] [캐릿] 최신 콘텐츠 페이지 요청 중...
2026-05-29 10:10:08,635 [INFO] [캐릿] 총 20개 콘텐츠 발견
2026-05-29 10:10:08,636 [INFO] [캐릿] 신규 콘텐츠 없음
2026-05-29 10:10:08,637 [INFO] seen_contents.json 업데이트 완료 (총 68개 기록)
2026-05-29 10:10:08,637 [INFO] 실행 완료!
2026-05-30 01:51:19,040 [INFO] ==================================================
2026-05-30 01:51:19,040 [INFO] 마케팅 커뮤니티 → Slack 알림봇 실행
2026-05-30 01:51:19,040 [INFO]   - 오픈애즈 (openads.co.kr)
2026-05-30 01:51:19,041 [INFO]   - 캐릿 (careet.net)
2026-05-30 01:51:19,041 [INFO] ==================================================
2026-05-30 01:51:19,041 [INFO] [오픈애즈] 최신 콘텐츠 페이지 요청 중...
2026-05-30 01:51:20,740 [INFO] [오픈애즈] 총 5개 콘텐츠 발견
2026-05-30 01:51:20,741 [INFO] [오픈애즈] 🆕 신규 콘텐츠 1건 발견! 날짜 확인 중...
2026-05-30 01:51:20,742 [INFO]   [1/1] 상세 정보 수집: 구조화된 데이터란? 검색엔진·AI에게 브랜드를 더 정확하게 전달하는 방법...
2026-05-30 01:51:22,225 [INFO]     ❓ 발행일 확인 불가, 전송: 구조화된 데이터란? 검색엔진·AI에게 브랜드를 더 정확하게 전달하는 방법
2026-05-30 01:51:23,488 [INFO] [오픈애즈] Slack 전송 성공! (청크 1: 1건)
2026-05-30 01:51:24,366 [INFO] 카카오 액세스 토큰 발급 성공
2026-05-30 01:51:25,244 [INFO] [오픈애즈] 카카오톡 전송 성공! (1건)
2026-05-30 01:51:25,245 [INFO] [캐릿] 최신 콘텐츠 페이지 요청 중...
2026-05-30 01:51:26,182 [INFO] [캐릿] 총 20개 콘텐츠 발견
2026-05-30 01:51:26,183 [INFO] [캐릿] 신규 콘텐츠 없음
2026-05-30 01:51:26,184 [INFO] seen_contents.json 업데이트 완료 (총 69개 기록)
2026-05-30 01:51:26,184 [INFO] 실행 완료!
2026-05-30 08:37:22,386 [INFO] ==================================================
2026-05-30 08:37:22,386 [INFO] 마케팅 커뮤니티 → Slack 알림봇 실행
2026-05-30 08:37:22,386 [INFO]   - 오픈애즈 (openads.co.kr)
2026-05-30 08:37:22,386 [INFO]   - 캐릿 (careet.net)
2026-05-30 08:37:22,386 [INFO] ==================================================
2026-05-30 08:37:22,386 [INFO] [오픈애즈] 최신 콘텐츠 페이지 요청 중...
2026-05-30 08:37:24,243 [INFO] [오픈애즈] 총 5개 콘텐츠 발견
2026-05-30 08:37:24,244 [INFO] [오픈애즈] 신규 콘텐츠 없음
2026-05-30 08:37:24,244 [INFO] [캐릿] 최신 콘텐츠 페이지 요청 중...
2026-05-30 08:37:25,401 [INFO] [캐릿] 총 20개 콘텐츠 발견
2026-05-30 08:37:25,402 [INFO] [캐릿] 신규 콘텐츠 없음
2026-05-30 08:37:25,403 [INFO] 실행 완료!
